// Jest Snapshot v1, https://goo.gl/fbAQLP

exports[`Film renders correctly 1`] = `
<div>
  <section
    class="movie-card movie-card--full"
  >
    <div
      class="movie-card__hero"
    >
      <div
        class="movie-card__bg"
      >
        <img
          alt="The Exorcist"
          src="https://i.picsum.photos/id/604/248/152.jpg?hmac=Yu4rnPqlL8pPa8b7cdPSosfFApQXtQmy56BW52elqto"
        />
      </div>
      <h1
        class="visually-hidden"
      >
        WTW
      </h1>
      <header
        class="page-header movie-card__head"
      >
        <div
          class="logo"
        >
          <a
            class="logo__link"
            href="/"
          >
            <span
              class="logo__letter logo__letter--1"
            >
              W
            </span>
            <span
              class="logo__letter logo__letter--2"
            >
              T
            </span>
            <span
              class="logo__letter logo__letter--3"
            >
              W
            </span>
          </a>
        </div>
        <div
          class="user-block"
        >
          <div
            class="user-block__avatar"
          >
            <a
              href="/mylist"
            >
              <img
                alt="User avatar"
                height="63"
                src="img/avatar.jpg"
                width="63"
              />
            </a>
          </div>
        </div>
      </header>
      <div
        class="movie-card__wrap"
      >
        <div
          class="movie-card__desc"
        >
          <h2
            class="movie-card__title"
          >
            The Exorcist
          </h2>
          <p
            class="movie-card__meta"
          >
            <span
              class="movie-card__genre"
            >
              Thriller
            </span>
            <span
              class="movie-card__year"
            >
              1973
            </span>
          </p>
          <div
            class="movie-card__buttons"
          >
            <a
              class="btn btn--play movie-card__button"
              href="/player/6"
              role="button"
              type="button"
            >
              <svg
                height="19"
                viewBox="0 0 19 19"
                width="19"
              >
                <use
                  xlink:href="#play-s"
                />
              </svg>
              <span>
                Play
              </span>
            </a>
            <button
              class="btn btn--list movie-card__button"
              data-testid="favorite_btn"
              type="button"
            >
              <svg
                height="14"
                viewBox="0 0 18 14"
                width="18"
              >
                <use
                  xlink:href="#in-list"
                />
              </svg>
              <span>
                My list
              </span>
            </button>
            <a
              class="btn movie-card__button"
              href="/films/6/review"
            >
              Add review
            </a>
          </div>
        </div>
      </div>
    </div>
    <div
      class="movie-card__wrap movie-card__translate-top"
    >
      <div
        class="movie-card__info"
      >
        <div
          class="movie-card__poster movie-card__poster--big"
        >
          <img
            alt="The Exorcist poster"
            height="327"
            src="https://i.picsum.photos/id/604/248/152.jpg?hmac=Yu4rnPqlL8pPa8b7cdPSosfFApQXtQmy56BW52elqto"
            width="218"
          />
        </div>
        <div
          class="movie-card__desc"
        >
          <nav
            class="movie-nav movie-card__nav"
          >
            <ul
              class="movie-nav__list"
            >
              <li
                class="movie-nav__item movie-nav__item--active"
                data-id="overview"
              >
                <a
                  class="movie-nav__link"
                  href="#"
                >
                  Overview
                </a>
              </li>
              <li
                class="movie-nav__item "
                data-id="details"
              >
                <a
                  class="movie-nav__link"
                  href="#"
                >
                  Details
                </a>
              </li>
              <li
                class="movie-nav__item "
                data-id="reviews"
              >
                <a
                  class="movie-nav__link"
                  href="#"
                >
                  Reviews
                </a>
              </li>
            </ul>
          </nav>
          <div
            class="movie-rating"
          >
            <div
              class="movie-rating__score"
            >
              8.8
            </div>
            <p
              class="movie-rating__meta"
            >
              <span
                class="movie-rating__level"
              >
                Very good
              </span>
              <span
                class="movie-rating__count"
              >
                174
                 ratings
              </span>
            </p>
          </div>
          <div
            class="movie-card__text"
          >
            <p>
              An actress notices dangerous changes in the behavior and physical make-up of her 12-year-old daughter. Meanwhile, a young priest begins to doubt his faith while dealing with his mother's sickness.
            </p>
            <p
              class="movie-card__director"
            >
              <strong>
                Director: 
                William Friedkin
              </strong>
            </p>
            <p
              class="movie-card__starring"
            >
              <strong>
                Starring: 
                Linda Blair, Ellen Burstyn, Jason Miller, Max von Sydow
                 and other
              </strong>
            </p>
          </div>
        </div>
      </div>
    </div>
  </section>
  <div
    class="page-content"
  >
    <section
      class="catalog catalog--like-this"
    >
      <h2
        class="catalog__title"
      >
        More like this
      </h2>
      <div
        class="catalog__movies-list"
      />
    </section>
    <footer
      class="page-footer"
    >
      <div
        class="logo"
      >
        <a
          class="logo__link logo__link--light"
          href="/"
        >
          <span
            class="logo__letter logo__letter--1"
          >
            W
          </span>
          <span
            class="logo__letter logo__letter--2"
          >
            T
          </span>
          <span
            class="logo__letter logo__letter--3"
          >
            W
          </span>
        </a>
      </div>
      <div
        class="copyright"
      >
        <p>
          Â© 2019 What to watch Ltd.
        </p>
      </div>
    </footer>
  </div>
</div>
`;
