// Jest Snapshot v1, https://goo.gl/fbAQLP

exports[`MainScreen renders correctly 1`] = `
<div>
  <section
    class="movie-card"
  >
    <div
      class="movie-card__bg"
    >
      <img
        alt="The Exorcist"
        src="https://i.picsum.photos/id/604/248/152.jpg?hmac=Yu4rnPqlL8pPa8b7cdPSosfFApQXtQmy56BW52elqto"
      />
    </div>
    <h1
      class="visually-hidden"
    >
      WTW
    </h1>
    <header
      class="page-header movie-card__head"
    >
      <div
        class="logo"
      >
        <a
          class="logo__link"
        >
          <span
            class="logo__letter logo__letter--1"
          >
            W
          </span>
          <span
            class="logo__letter logo__letter--2"
          >
            T
          </span>
          <span
            class="logo__letter logo__letter--3"
          >
            W
          </span>
        </a>
      </div>
      <div
        class="user-block"
      >
        <div
          class="user-block__avatar"
        >
          <a
            href="/mylist"
          >
            <img
              alt="User avatar"
              height="63"
              src="img/avatar.jpg"
              width="63"
            />
          </a>
        </div>
      </div>
    </header>
    <div
      class="movie-card__wrap"
    >
      <div
        class="movie-card__info"
      >
        <div
          class="movie-card__poster"
        >
          <img
            alt="The Exorcist poster"
            height="327"
            src="https://i.picsum.photos/id/604/248/152.jpg?hmac=Yu4rnPqlL8pPa8b7cdPSosfFApQXtQmy56BW52elqto"
            width="218"
          />
        </div>
        <div
          class="movie-card__desc"
        >
          <h2
            class="movie-card__title"
          >
            The Exorcist
          </h2>
          <p
            class="movie-card__meta"
          >
            <span
              class="movie-card__genre"
            >
              Thriller
            </span>
            <span
              class="movie-card__year"
            >
              1973
            </span>
          </p>
          <div
            class="movie-card__buttons"
          >
            <a
              class="btn btn--play movie-card__button"
              href="/player/6"
              role="button"
              type="button"
            >
              <svg
                height="19"
                viewBox="0 0 19 19"
                width="19"
              >
                <use
                  xlink:href="#play-s"
                />
              </svg>
              <span>
                Play
              </span>
            </a>
            <button
              class="btn btn--list movie-card__button"
              data-testid="favorite_btn"
              type="button"
            >
              <svg
                height="14"
                viewBox="0 0 18 14"
                width="18"
              >
                <use
                  xlink:href="#in-list"
                />
              </svg>
              <span>
                My list
              </span>
            </button>
          </div>
        </div>
      </div>
    </div>
  </section>
  <div
    class="page-content"
  >
    <section
      class="catalog"
    >
      <h2
        class="catalog__title visually-hidden"
      >
        Catalog
      </h2>
      <ul
        class="catalog__genres-list"
      >
        <li
          class="catalog__genres-item "
          data-genre="All genres"
        >
          <a
            class="catalog__genres-link"
            href="#"
          >
            All genres
          </a>
        </li>
        <li
          class="catalog__genres-item "
          data-genre="Comedy"
        >
          <a
            class="catalog__genres-link"
            href="#"
          >
            Comedy
          </a>
        </li>
        <li
          class="catalog__genres-item "
          data-genre="Drama"
        >
          <a
            class="catalog__genres-link"
            href="#"
          >
            Drama
          </a>
        </li>
      </ul>
      <div
        class="catalog__movies-list"
      >
        <article
          class="small-movie-card catalog__movies-card"
          data-id="1"
          data-testid="movie-card"
        >
          <a
            href="/films/1"
          >
            <div
              class="small-movie-card__image"
            >
              <video
                alt="The Grand Budapest Hotel"
                height="175"
                poster="https://i.picsum.photos/id/604/248/152.jpg?hmac=Yu4rnPqlL8pPa8b7cdPSosfFApQXtQmy56BW52elqto"
                src="https://upload.wikimedia.org/wikipedia/commons/transcoded/b/b3/Big_Buck_Bunny_Trailer_400p.ogv/Big_Buck_Bunny_Trailer_400p.ogv.360p.webm"
                width="280"
              />
            </div>
          </a>
          <h3
            class="small-movie-card__title"
          >
            <a
              class="small-movie-card__link"
              href="/films/1"
            >
              The Grand Budapest Hotel
            </a>
          </h3>
        </article>
        <article
          class="small-movie-card catalog__movies-card"
          data-id="2"
          data-testid="movie-card"
        >
          <a
            href="/films/2"
          >
            <div
              class="small-movie-card__image"
            >
              <video
                alt="Stand By Me"
                height="175"
                poster="https://i.picsum.photos/id/604/248/152.jpg?hmac=Yu4rnPqlL8pPa8b7cdPSosfFApQXtQmy56BW52elqto"
                src="https://upload.wikimedia.org/wikipedia/commons/transcoded/b/b3/Big_Buck_Bunny_Trailer_400p.ogv/Big_Buck_Bunny_Trailer_400p.ogv.360p.webm"
                width="280"
              />
            </div>
          </a>
          <h3
            class="small-movie-card__title"
          >
            <a
              class="small-movie-card__link"
              href="/films/2"
            >
              Stand By Me
            </a>
          </h3>
        </article>
        <article
          class="small-movie-card catalog__movies-card"
          data-id="3"
          data-testid="movie-card"
        >
          <a
            href="/films/3"
          >
            <div
              class="small-movie-card__image"
            >
              <video
                alt="Amelie"
                height="175"
                poster="https://i.picsum.photos/id/604/248/152.jpg?hmac=Yu4rnPqlL8pPa8b7cdPSosfFApQXtQmy56BW52elqto"
                src="https://upload.wikimedia.org/wikipedia/commons/transcoded/b/b3/Big_Buck_Bunny_Trailer_400p.ogv/Big_Buck_Bunny_Trailer_400p.ogv.360p.webm"
                width="280"
              />
            </div>
          </a>
          <h3
            class="small-movie-card__title"
          >
            <a
              class="small-movie-card__link"
              href="/films/3"
            >
              Amelie
            </a>
          </h3>
        </article>
      </div>
      <div
        class="catalog__more"
      >
        <button
          class="catalog__button"
          type="button"
        >
          Show more
        </button>
      </div>
    </section>
    <footer
      class="page-footer"
    >
      <div
        class="logo"
      >
        <a
          class="logo__link logo__link--light"
        >
          <span
            class="logo__letter logo__letter--1"
          >
            W
          </span>
          <span
            class="logo__letter logo__letter--2"
          >
            T
          </span>
          <span
            class="logo__letter logo__letter--3"
          >
            W
          </span>
        </a>
      </div>
      <div
        class="copyright"
      >
        <p>
          Â© 2019 What to watch Ltd.
        </p>
      </div>
    </footer>
  </div>
</div>
`;
